UE_sampling_Rate : 50
Loading UE Location to the Downlink Base Station
Loading UL-BS Channel Finger From : /home/hzl/Space_Mapping/data/UL_BS1_Channel.npy
Loading DL-BS Channel Finger From : /home/hzl/Space_Mapping/data/DL_BS_Channel.npy
Total number of trainable parameters: 171270
Epoch : 1/40, Train Loss: 8.1988e+00, Training_Mapping_Loss: -2.4546e+00, Training Location Loss: 1.0653e+01
Epoch : 1/40, Test Loss: 3.4763e+00, Channel Mapping Test: -3.1873e+00, UE Localization Test: 6.6636e+00, BestTest: 1.0000e+04
Train Error on the Radial Distance: 30.4008, Polar Angle: 0.9533, Azimuth Angle: 0.6062
Test Error on the Radial Distance: 19.1182, Polar Angle: 0.7990, Azimuth Angle: 0.0735
Model saved!
The Average Spectrum Efficiency of Ideal DL Channel is 5.752013 bps/Hz
The Average Spectrum Efficiency of Mapping DL Channel is 3.219717 bps/Hz
The Average Spectrum Efficiency of Lower-bound DL Channel is 1.799754 bps/Hz
Epoch : 2/40, Train Loss: 2.2863e+00, Training_Mapping_Loss: -3.1228e+00, Training Location Loss: 5.4091e+00
Epoch : 2/40, Test Loss: 1.5946e+00, Channel Mapping Test: -3.2748e+00, UE Localization Test: 4.8695e+00, BestTest: 3.4763e+00
Train Error on the Radial Distance: 14.7718, Polar Angle: 0.8936, Azimuth Angle: 0.5618
Test Error on the Radial Distance: 13.2104, Polar Angle: 1.0681, Azimuth Angle: 0.3299
Model saved!
The Average Spectrum Efficiency of Ideal DL Channel is 5.752014 bps/Hz
The Average Spectrum Efficiency of Mapping DL Channel is 3.295022 bps/Hz
The Average Spectrum Efficiency of Lower-bound DL Channel is 1.799754 bps/Hz
Epoch : 3/40, Train Loss: 6.5586e-01, Training_Mapping_Loss: -3.2205e+00, Training Location Loss: 3.8763e+00
Epoch : 3/40, Test Loss: 3.2453e+00, Channel Mapping Test: -3.3450e+00, UE Localization Test: 6.5902e+00, BestTest: 1.5946e+00
Train Error on the Radial Distance: 10.2378, Polar Angle: 0.8842, Azimuth Angle: 0.5069
Test Error on the Radial Distance: 17.9244, Polar Angle: 1.4318, Azimuth Angle: 0.4145
Epoch : 4/40, Train Loss: 3.9025e-01, Training_Mapping_Loss: -3.2794e+00, Training Location Loss: 3.6697e+00
Epoch : 4/40, Test Loss: 5.0936e+00, Channel Mapping Test: -3.3905e+00, UE Localization Test: 8.4841e+00, BestTest: 1.5946e+00
Train Error on the Radial Distance: 9.7910, Polar Angle: 0.7429, Azimuth Angle: 0.4751
Test Error on the Radial Distance: 23.6819, Polar Angle: 1.4486, Azimuth Angle: 0.3219
Epoch : 5/40, Train Loss: 8.0609e-02, Training_Mapping_Loss: -3.3074e+00, Training Location Loss: 3.3880e+00
Epoch : 5/40, Test Loss: 1.3021e+00, Channel Mapping Test: -3.3953e+00, UE Localization Test: 4.6974e+00, BestTest: 1.5946e+00
Train Error on the Radial Distance: 9.0249, Polar Angle: 0.7253, Azimuth Angle: 0.4139
Test Error on the Radial Distance: 13.0759, Polar Angle: 0.7505, Azimuth Angle: 0.2658
Model saved!
The Average Spectrum Efficiency of Ideal DL Channel is 5.752013 bps/Hz
The Average Spectrum Efficiency of Mapping DL Channel is 3.406392 bps/Hz
The Average Spectrum Efficiency of Lower-bound DL Channel is 1.799754 bps/Hz
Epoch : 6/40, Train Loss: -1.1128e-01, Training_Mapping_Loss: -3.3482e+00, Training Location Loss: 3.2370e+00
Epoch : 6/40, Test Loss: -2.9994e-01, Channel Mapping Test: -3.4155e+00, UE Localization Test: 3.1156e+00, BestTest: 1.3021e+00
Train Error on the Radial Distance: 8.5366, Polar Angle: 0.7385, Azimuth Angle: 0.4358
Test Error on the Radial Distance: 8.4480, Polar Angle: 0.6833, Azimuth Angle: 0.2154
Model saved!
The Average Spectrum Efficiency of Ideal DL Channel is 5.752013 bps/Hz
The Average Spectrum Efficiency of Mapping DL Channel is 3.408568 bps/Hz
The Average Spectrum Efficiency of Lower-bound DL Channel is 1.799754 bps/Hz
Epoch : 7/40, Train Loss: -5.0673e-01, Training_Mapping_Loss: -3.3390e+00, Training Location Loss: 2.8322e+00
Epoch : 7/40, Test Loss: -4.9021e-01, Channel Mapping Test: -3.4239e+00, UE Localization Test: 2.9337e+00, BestTest: -2.9994e-01
Train Error on the Radial Distance: 7.3646, Polar Angle: 0.7056, Azimuth Angle: 0.4266
Test Error on the Radial Distance: 8.0408, Polar Angle: 0.5080, Azimuth Angle: 0.2523
Model saved!
The Average Spectrum Efficiency of Ideal DL Channel is 5.752014 bps/Hz
The Average Spectrum Efficiency of Mapping DL Channel is 3.422507 bps/Hz
The Average Spectrum Efficiency of Lower-bound DL Channel is 1.799754 bps/Hz
Epoch : 8/40, Train Loss: -9.1443e-01, Training_Mapping_Loss: -3.3585e+00, Training Location Loss: 2.4441e+00
Epoch : 8/40, Test Loss: 8.5609e-01, Channel Mapping Test: -3.4370e+00, UE Localization Test: 4.2931e+00, BestTest: -4.9021e-01
Train Error on the Radial Distance: 6.3365, Polar Angle: 0.6107, Azimuth Angle: 0.3850
Test Error on the Radial Distance: 12.1613, Polar Angle: 0.5049, Azimuth Angle: 0.2130
Epoch : 9/40, Train Loss: -1.1741e+00, Training_Mapping_Loss: -3.3805e+00, Training Location Loss: 2.2064e+00
Epoch : 9/40, Test Loss: 1.2153e+00, Channel Mapping Test: -3.4453e+00, UE Localization Test: 4.6606e+00, BestTest: -4.9021e-01
Train Error on the Radial Distance: 5.7423, Polar Angle: 0.5488, Azimuth Angle: 0.3282
Test Error on the Radial Distance: 12.9520, Polar Angle: 0.7454, Azimuth Angle: 0.2844
Epoch : 10/40, Train Loss: -1.2642e+00, Training_Mapping_Loss: -3.3802e+00, Training Location Loss: 2.1160e+00
Epoch : 10/40, Test Loss: -9.5719e-01, Channel Mapping Test: -3.4814e+00, UE Localization Test: 2.5242e+00, BestTest: -4.9021e-01
Train Error on the Radial Distance: 5.5466, Polar Angle: 0.4888, Azimuth Angle: 0.3126
Test Error on the Radial Distance: 6.9785, Polar Angle: 0.4058, Azimuth Angle: 0.1882
Model saved!
The Average Spectrum Efficiency of Ideal DL Channel is 5.752013 bps/Hz
The Average Spectrum Efficiency of Mapping DL Channel is 3.476407 bps/Hz
The Average Spectrum Efficiency of Lower-bound DL Channel is 1.799754 bps/Hz
Epoch : 11/40, Train Loss: -1.3746e+00, Training_Mapping_Loss: -3.4303e+00, Training Location Loss: 2.0558e+00
Epoch : 11/40, Test Loss: -1.2889e+00, Channel Mapping Test: -3.4962e+00, UE Localization Test: 2.2072e+00, BestTest: -9.5719e-01
Train Error on the Radial Distance: 5.3950, Polar Angle: 0.4785, Azimuth Angle: 0.2937
Test Error on the Radial Distance: 6.1343, Polar Angle: 0.3392, Azimuth Angle: 0.1482
Model saved!
The Average Spectrum Efficiency of Ideal DL Channel is 5.752013 bps/Hz
The Average Spectrum Efficiency of Mapping DL Channel is 3.492573 bps/Hz
The Average Spectrum Efficiency of Lower-bound DL Channel is 1.799754 bps/Hz
Epoch : 12/40, Train Loss: -1.6082e+00, Training_Mapping_Loss: -3.4572e+00, Training Location Loss: 1.8490e+00
Epoch : 12/40, Test Loss: -1.4106e+00, Channel Mapping Test: -3.5051e+00, UE Localization Test: 2.0945e+00, BestTest: -1.2889e+00
Train Error on the Radial Distance: 4.8195, Polar Angle: 0.4443, Azimuth Angle: 0.2833
Test Error on the Radial Distance: 5.7766, Polar Angle: 0.3302, Azimuth Angle: 0.1765
Model saved!
The Average Spectrum Efficiency of Ideal DL Channel is 5.752014 bps/Hz
The Average Spectrum Efficiency of Mapping DL Channel is 3.504769 bps/Hz
The Average Spectrum Efficiency of Lower-bound DL Channel is 1.799754 bps/Hz
Epoch : 13/40, Train Loss: -1.5157e+00, Training_Mapping_Loss: -3.4810e+00, Training Location Loss: 1.9653e+00
Epoch : 13/40, Test Loss: -1.1234e-01, Channel Mapping Test: -3.5347e+00, UE Localization Test: 3.4224e+00, BestTest: -1.4106e+00
Train Error on the Radial Distance: 5.1963, Polar Angle: 0.4586, Azimuth Angle: 0.2412
Test Error on the Radial Distance: 9.5651, Polar Angle: 0.5630, Azimuth Angle: 0.1391
Epoch : 14/40, Train Loss: -1.5773e+00, Training_Mapping_Loss: -3.4874e+00, Training Location Loss: 1.9101e+00
Epoch : 14/40, Test Loss: -1.6522e+00, Channel Mapping Test: -3.5405e+00, UE Localization Test: 1.8883e+00, BestTest: -1.4106e+00
Train Error on the Radial Distance: 5.0965, Polar Angle: 0.4085, Azimuth Angle: 0.2254
Test Error on the Radial Distance: 5.1079, Polar Angle: 0.4261, Azimuth Angle: 0.1308
Model saved!
The Average Spectrum Efficiency of Ideal DL Channel is 5.752014 bps/Hz
The Average Spectrum Efficiency of Mapping DL Channel is 3.547827 bps/Hz
The Average Spectrum Efficiency of Lower-bound DL Channel is 1.799754 bps/Hz
Epoch : 15/40, Train Loss: -1.7921e+00, Training_Mapping_Loss: -3.5197e+00, Training Location Loss: 1.7276e+00
Epoch : 15/40, Test Loss: -1.8725e+00, Channel Mapping Test: -3.5685e+00, UE Localization Test: 1.6960e+00, BestTest: -1.6522e+00
Train Error on the Radial Distance: 4.5981, Polar Angle: 0.3818, Azimuth Angle: 0.2028
Test Error on the Radial Distance: 4.4267, Polar Angle: 0.4385, Azimuth Angle: 0.2228
Model saved!
The Average Spectrum Efficiency of Ideal DL Channel is 5.752013 bps/Hz
The Average Spectrum Efficiency of Mapping DL Channel is 3.563863 bps/Hz
The Average Spectrum Efficiency of Lower-bound DL Channel is 1.799754 bps/Hz
Epoch : 16/40, Train Loss: -1.9138e+00, Training_Mapping_Loss: -3.5301e+00, Training Location Loss: 1.6163e+00
Epoch : 16/40, Test Loss: -1.5185e+00, Channel Mapping Test: -3.5654e+00, UE Localization Test: 2.0468e+00, BestTest: -1.8725e+00
Train Error on the Radial Distance: 4.2214, Polar Angle: 0.3846, Azimuth Angle: 0.2428
Test Error on the Radial Distance: 5.5993, Polar Angle: 0.4156, Azimuth Angle: 0.1256
Epoch : 17/40, Train Loss: -1.8985e+00, Training_Mapping_Loss: -3.5251e+00, Training Location Loss: 1.6267e+00
Epoch : 17/40, Test Loss: -2.0077e+00, Channel Mapping Test: -3.5945e+00, UE Localization Test: 1.5868e+00, BestTest: -1.8725e+00
Train Error on the Radial Distance: 4.3125, Polar Angle: 0.3661, Azimuth Angle: 0.2014
Test Error on the Radial Distance: 4.3300, Polar Angle: 0.3078, Azimuth Angle: 0.1225
Model saved!
The Average Spectrum Efficiency of Ideal DL Channel is 5.752013 bps/Hz
The Average Spectrum Efficiency of Mapping DL Channel is 3.608994 bps/Hz
The Average Spectrum Efficiency of Lower-bound DL Channel is 1.799754 bps/Hz
Epoch : 18/40, Train Loss: -1.9747e+00, Training_Mapping_Loss: -3.5563e+00, Training Location Loss: 1.5816e+00
Epoch : 18/40, Test Loss: 2.6005e+00, Channel Mapping Test: -3.5048e+00, UE Localization Test: 6.1053e+00, BestTest: -2.0077e+00
Train Error on the Radial Distance: 4.1501, Polar Angle: 0.3886, Azimuth Angle: 0.2061
Test Error on the Radial Distance: 17.7402, Polar Angle: 0.4381, Azimuth Angle: 0.1377
Epoch : 19/40, Train Loss: -1.9916e+00, Training_Mapping_Loss: -3.5678e+00, Training Location Loss: 1.5762e+00
Epoch : 19/40, Test Loss: -2.0893e+00, Channel Mapping Test: -3.6190e+00, UE Localization Test: 1.5297e+00, BestTest: -2.0077e+00
Train Error on the Radial Distance: 4.1335, Polar Angle: 0.3377, Azimuth Angle: 0.2576
Test Error on the Radial Distance: 4.2228, Polar Angle: 0.2511, Azimuth Angle: 0.1154
Model saved!
The Average Spectrum Efficiency of Ideal DL Channel is 5.752013 bps/Hz
The Average Spectrum Efficiency of Mapping DL Channel is 3.624457 bps/Hz
The Average Spectrum Efficiency of Lower-bound DL Channel is 1.799754 bps/Hz
Epoch : 20/40, Train Loss: -2.1417e+00, Training_Mapping_Loss: -3.5862e+00, Training Location Loss: 1.4445e+00
Epoch : 20/40, Test Loss: -2.1923e+00, Channel Mapping Test: -3.6575e+00, UE Localization Test: 1.4651e+00, BestTest: -2.0893e+00
Train Error on the Radial Distance: 3.8148, Polar Angle: 0.3125, Azimuth Angle: 0.2062
Test Error on the Radial Distance: 4.0003, Polar Angle: 0.2878, Azimuth Angle: 0.1073
Model saved!
The Average Spectrum Efficiency of Ideal DL Channel is 5.752014 bps/Hz
The Average Spectrum Efficiency of Mapping DL Channel is 3.655449 bps/Hz
The Average Spectrum Efficiency of Lower-bound DL Channel is 1.799754 bps/Hz
Epoch : 21/40, Train Loss: -2.1127e+00, Training_Mapping_Loss: -3.6114e+00, Training Location Loss: 1.4986e+00
Epoch : 21/40, Test Loss: -1.8585e+00, Channel Mapping Test: -3.6528e+00, UE Localization Test: 1.7943e+00, BestTest: -2.1923e+00
Train Error on the Radial Distance: 4.0025, Polar Angle: 0.3246, Azimuth Angle: 0.1689
Test Error on the Radial Distance: 4.9045, Polar Angle: 0.3061, Azimuth Angle: 0.1724
Epoch : 22/40, Train Loss: -2.2211e+00, Training_Mapping_Loss: -3.6343e+00, Training Location Loss: 1.4132e+00
Epoch : 22/40, Test Loss: -2.2569e+00, Channel Mapping Test: -3.6824e+00, UE Localization Test: 1.4255e+00, BestTest: -2.1923e+00
Train Error on the Radial Distance: 3.7783, Polar Angle: 0.2884, Azimuth Angle: 0.1728
Test Error on the Radial Distance: 3.9037, Polar Angle: 0.2621, Azimuth Angle: 0.1107
Model saved!
The Average Spectrum Efficiency of Ideal DL Channel is 5.752014 bps/Hz
The Average Spectrum Efficiency of Mapping DL Channel is 3.683579 bps/Hz
The Average Spectrum Efficiency of Lower-bound DL Channel is 1.799754 bps/Hz
Epoch : 23/40, Train Loss: -2.1979e+00, Training_Mapping_Loss: -3.6486e+00, Training Location Loss: 1.4507e+00
Epoch : 23/40, Test Loss: -1.9466e+00, Channel Mapping Test: -3.6790e+00, UE Localization Test: 1.7324e+00, BestTest: -2.2569e+00
Train Error on the Radial Distance: 3.8914, Polar Angle: 0.2856, Azimuth Angle: 0.1751
Test Error on the Radial Distance: 4.7706, Polar Angle: 0.2787, Azimuth Angle: 0.1480
Epoch : 24/40, Train Loss: -2.2150e+00, Training_Mapping_Loss: -3.6483e+00, Training Location Loss: 1.4333e+00
Epoch : 24/40, Test Loss: -1.7807e+00, Channel Mapping Test: -3.6816e+00, UE Localization Test: 1.9009e+00, BestTest: -2.2569e+00
Train Error on the Radial Distance: 3.8366, Polar Angle: 0.2840, Azimuth Angle: 0.1792
Test Error on the Radial Distance: 5.0085, Polar Angle: 0.4177, Azimuth Angle: 0.2765
Adjusted lr:6.6874e-04
Epoch : 25/40, Train Loss: -2.3417e+00, Training_Mapping_Loss: -3.6752e+00, Training Location Loss: 1.3336e+00
Epoch : 25/40, Test Loss: -2.0143e+00, Channel Mapping Test: -3.7206e+00, UE Localization Test: 1.7063e+00, BestTest: -2.2569e+00
Train Error on the Radial Distance: 3.5466, Polar Angle: 0.2934, Azimuth Angle: 0.1608
Test Error on the Radial Distance: 4.5021, Polar Angle: 0.4179, Azimuth Angle: 0.1989
Epoch : 26/40, Train Loss: -2.5096e+00, Training_Mapping_Loss: -3.7065e+00, Training Location Loss: 1.1968e+00
Epoch : 26/40, Test Loss: -1.7662e+00, Channel Mapping Test: -3.6996e+00, UE Localization Test: 1.9334e+00, BestTest: -2.2569e+00
Train Error on the Radial Distance: 3.1726, Polar Angle: 0.2726, Azimuth Angle: 0.1453
Test Error on the Radial Distance: 5.4447, Polar Angle: 0.2528, Azimuth Angle: 0.1026
Epoch : 27/40, Train Loss: -2.4514e+00, Training_Mapping_Loss: -3.6912e+00, Training Location Loss: 1.2399e+00
Epoch : 27/40, Test Loss: -2.4447e+00, Channel Mapping Test: -3.7435e+00, UE Localization Test: 1.2989e+00, BestTest: -2.2569e+00
Train Error on the Radial Distance: 3.3058, Polar Angle: 0.2724, Azimuth Angle: 0.1413
Test Error on the Radial Distance: 3.5667, Polar Angle: 0.2135, Azimuth Angle: 0.1165
Model saved!
The Average Spectrum Efficiency of Ideal DL Channel is 5.752015 bps/Hz
The Average Spectrum Efficiency of Mapping DL Channel is 3.750156 bps/Hz
The Average Spectrum Efficiency of Lower-bound DL Channel is 1.799754 bps/Hz
Epoch : 28/40, Train Loss: -2.5220e+00, Training_Mapping_Loss: -3.7222e+00, Training Location Loss: 1.2002e+00
Epoch : 28/40, Test Loss: -2.4155e+00, Channel Mapping Test: -3.7431e+00, UE Localization Test: 1.3276e+00, BestTest: -2.4447e+00
Train Error on the Radial Distance: 3.1964, Polar Angle: 0.2683, Azimuth Angle: 0.1359
Test Error on the Radial Distance: 3.6678, Polar Angle: 0.2127, Azimuth Angle: 0.1023
Epoch : 29/40, Train Loss: -2.5079e+00, Training_Mapping_Loss: -3.7220e+00, Training Location Loss: 1.2141e+00
Epoch : 29/40, Test Loss: -1.9942e+00, Channel Mapping Test: -3.7113e+00, UE Localization Test: 1.7171e+00, BestTest: -2.4447e+00
Train Error on the Radial Distance: 3.2460, Polar Angle: 0.2534, Azimuth Angle: 0.1429
Test Error on the Radial Distance: 4.7898, Polar Angle: 0.2534, Azimuth Angle: 0.1081
Epoch : 30/40, Train Loss: -2.4756e+00, Training_Mapping_Loss: -3.7415e+00, Training Location Loss: 1.2659e+00
Epoch : 30/40, Test Loss: -2.3905e+00, Channel Mapping Test: -3.7519e+00, UE Localization Test: 1.3613e+00, BestTest: -2.4447e+00
Train Error on the Radial Distance: 3.4084, Polar Angle: 0.2439, Azimuth Angle: 0.1455
Test Error on the Radial Distance: 3.6908, Polar Angle: 0.2282, Azimuth Angle: 0.1650
Epoch : 31/40, Train Loss: -2.5523e+00, Training_Mapping_Loss: -3.7579e+00, Training Location Loss: 1.2057e+00
Epoch : 31/40, Test Loss: 3.3472e-02, Channel Mapping Test: -3.6518e+00, UE Localization Test: 3.6852e+00, BestTest: -2.4447e+00
Train Error on the Radial Distance: 3.1928, Polar Angle: 0.2762, Azimuth Angle: 0.1480
Test Error on the Radial Distance: 10.5797, Polar Angle: 0.3478, Azimuth Angle: 0.1282
Epoch : 32/40, Train Loss: -2.5549e+00, Training_Mapping_Loss: -3.7553e+00, Training Location Loss: 1.2004e+00
Epoch : 32/40, Test Loss: -2.3821e+00, Channel Mapping Test: -3.7722e+00, UE Localization Test: 1.3901e+00, BestTest: -2.4447e+00
Train Error on the Radial Distance: 3.2088, Polar Angle: 0.2460, Azimuth Angle: 0.1465
Test Error on the Radial Distance: 3.8161, Polar Angle: 0.2098, Azimuth Angle: 0.1443
Epoch : 33/40, Train Loss: -2.5671e+00, Training_Mapping_Loss: -3.7785e+00, Training Location Loss: 1.2114e+00
Epoch : 33/40, Test Loss: -2.2704e+00, Channel Mapping Test: -3.7733e+00, UE Localization Test: 1.5030e+00, BestTest: -2.4447e+00
Train Error on the Radial Distance: 3.2433, Polar Angle: 0.2484, Azimuth Angle: 0.1424
Test Error on the Radial Distance: 4.1492, Polar Angle: 0.2492, Azimuth Angle: 0.1105
Epoch : 34/40, Train Loss: -2.5897e+00, Training_Mapping_Loss: -3.7696e+00, Training Location Loss: 1.1800e+00
Epoch : 34/40, Test Loss: -2.5371e+00, Channel Mapping Test: -3.7957e+00, UE Localization Test: 1.2586e+00, BestTest: -2.4447e+00
Train Error on the Radial Distance: 3.1405, Polar Angle: 0.2649, Azimuth Angle: 0.1344
Test Error on the Radial Distance: 3.3465, Polar Angle: 0.2142, Azimuth Angle: 0.2152
Model saved!
The Average Spectrum Efficiency of Ideal DL Channel is 5.752013 bps/Hz
The Average Spectrum Efficiency of Mapping DL Channel is 3.800437 bps/Hz
The Average Spectrum Efficiency of Lower-bound DL Channel is 1.799754 bps/Hz
Epoch : 35/40, Train Loss: -2.6014e+00, Training_Mapping_Loss: -3.7694e+00, Training Location Loss: 1.1679e+00
Epoch : 35/40, Test Loss: -2.2789e+00, Channel Mapping Test: -3.7858e+00, UE Localization Test: 1.5069e+00, BestTest: -2.5371e+00
Train Error on the Radial Distance: 3.0863, Polar Angle: 0.2500, Azimuth Angle: 0.1675
Test Error on the Radial Distance: 4.1438, Polar Angle: 0.2322, Azimuth Angle: 0.1447
Epoch : 36/40, Train Loss: -2.6011e+00, Training_Mapping_Loss: -3.8240e+00, Training Location Loss: 1.2229e+00
Epoch : 36/40, Test Loss: -2.3957e+00, Channel Mapping Test: -3.8226e+00, UE Localization Test: 1.4268e+00, BestTest: -2.5371e+00
Train Error on the Radial Distance: 3.2947, Polar Angle: 0.2416, Azimuth Angle: 0.1324
Test Error on the Radial Distance: 3.9845, Polar Angle: 0.2072, Azimuth Angle: 0.0888
Epoch : 37/40, Train Loss: -2.6355e+00, Training_Mapping_Loss: -3.7831e+00, Training Location Loss: 1.1476e+00
Epoch : 37/40, Test Loss: -2.4083e+00, Channel Mapping Test: -3.7911e+00, UE Localization Test: 1.3828e+00, BestTest: -2.5371e+00
Train Error on the Radial Distance: 3.0369, Polar Angle: 0.2503, Azimuth Angle: 0.1556
Test Error on the Radial Distance: 3.7641, Polar Angle: 0.2105, Azimuth Angle: 0.1737
Epoch : 38/40, Train Loss: -2.6580e+00, Training_Mapping_Loss: -3.7984e+00, Training Location Loss: 1.1404e+00
Epoch : 38/40, Test Loss: -2.4588e+00, Channel Mapping Test: -3.8313e+00, UE Localization Test: 1.3725e+00, BestTest: -2.5371e+00
Train Error on the Radial Distance: 3.0408, Polar Angle: 0.2508, Azimuth Angle: 0.1296
Test Error on the Radial Distance: 3.8150, Polar Angle: 0.2235, Azimuth Angle: 0.0791
Epoch : 39/40, Train Loss: -2.7646e+00, Training_Mapping_Loss: -3.8360e+00, Training Location Loss: 1.0714e+00
Epoch : 39/40, Test Loss: -2.5670e+00, Channel Mapping Test: -3.8520e+00, UE Localization Test: 1.2849e+00, BestTest: -2.5371e+00
Train Error on the Radial Distance: 2.8469, Polar Angle: 0.2483, Azimuth Angle: 0.1190
Test Error on the Radial Distance: 3.5387, Polar Angle: 0.2106, Azimuth Angle: 0.1055
Model saved!
The Average Spectrum Efficiency of Ideal DL Channel is 5.752013 bps/Hz
The Average Spectrum Efficiency of Mapping DL Channel is 3.858768 bps/Hz
The Average Spectrum Efficiency of Lower-bound DL Channel is 1.799754 bps/Hz
Epoch : 40/40, Train Loss: -2.7430e+00, Training_Mapping_Loss: -3.8226e+00, Training Location Loss: 1.0796e+00
Epoch : 40/40, Test Loss: -2.6569e+00, Channel Mapping Test: -3.8557e+00, UE Localization Test: 1.1988e+00, BestTest: -2.5670e+00
Train Error on the Radial Distance: 2.8633, Polar Angle: 0.2462, Azimuth Angle: 0.1294
Test Error on the Radial Distance: 3.2460, Polar Angle: 0.1952, Azimuth Angle: 0.1553
Model saved!
The Average Spectrum Efficiency of Ideal DL Channel is 5.752014 bps/Hz
The Average Spectrum Efficiency of Mapping DL Channel is 3.871919 bps/Hz
The Average Spectrum Efficiency of Lower-bound DL Channel is 1.799754 bps/Hz
