UE_sampling_Rate : 10
Loading UE Location to the Downlink Base Station
Loading UL-BS Channel Finger From : /home/hzl/Space_Mapping/data/UL_BS1_Channel.npy
Loading DL-BS Channel Finger From : /home/hzl/Space_Mapping/data/DL_BS_Channel.npy
Total number of trainable parameters: 171270
Epoch : 1/40, Train Loss: 2.5994e+00, Training_Mapping_Loss: -3.2172e+00, Training Location Loss: 5.8166e+00
Epoch : 1/40, Test Loss: 5.1176e+00, Channel Mapping Test: -3.4169e+00, UE Localization Test: 8.5345e+00, BestTest: 1.0000e+04
Train Error on the Radial Distance: 16.0794, Polar Angle: 0.8621, Azimuth Angle: 0.5083
Test Error on the Radial Distance: 24.4503, Polar Angle: 0.8575, Azimuth Angle: 0.2957
Model saved!
The Average Spectrum Efficiency of Ideal DL Channel is 5.752014 bps/Hz
The Average Spectrum Efficiency of Mapping DL Channel is 3.422936 bps/Hz
The Average Spectrum Efficiency of Lower-bound DL Channel is 1.799754 bps/Hz
Epoch : 2/40, Train Loss: -1.1279e-01, Training_Mapping_Loss: -3.3032e+00, Training Location Loss: 3.1904e+00
Epoch : 2/40, Test Loss: -5.8424e-01, Channel Mapping Test: -3.4532e+00, UE Localization Test: 2.8690e+00, BestTest: 5.1176e+00
Train Error on the Radial Distance: 8.5743, Polar Angle: 0.7076, Azimuth Angle: 0.2894
Test Error on the Radial Distance: 7.8024, Polar Angle: 0.6821, Azimuth Angle: 0.1224
Model saved!
The Average Spectrum Efficiency of Ideal DL Channel is 5.752014 bps/Hz
The Average Spectrum Efficiency of Mapping DL Channel is 3.454406 bps/Hz
The Average Spectrum Efficiency of Lower-bound DL Channel is 1.799754 bps/Hz
Epoch : 3/40, Train Loss: -8.5943e-01, Training_Mapping_Loss: -3.3453e+00, Training Location Loss: 2.4858e+00
Epoch : 3/40, Test Loss: -1.3622e+00, Channel Mapping Test: -3.4786e+00, UE Localization Test: 2.1164e+00, BestTest: -5.8424e-01
Train Error on the Radial Distance: 6.6771, Polar Angle: 0.5938, Azimuth Angle: 0.1867
Test Error on the Radial Distance: 5.7839, Polar Angle: 0.4559, Azimuth Angle: 0.1095
Model saved!
The Average Spectrum Efficiency of Ideal DL Channel is 5.752014 bps/Hz
The Average Spectrum Efficiency of Mapping DL Channel is 3.483998 bps/Hz
The Average Spectrum Efficiency of Lower-bound DL Channel is 1.799754 bps/Hz
Epoch : 4/40, Train Loss: -1.4678e+00, Training_Mapping_Loss: -3.4003e+00, Training Location Loss: 1.9326e+00
Epoch : 4/40, Test Loss: 8.5139e-01, Channel Mapping Test: -3.4469e+00, UE Localization Test: 4.2983e+00, BestTest: -1.3622e+00
Train Error on the Radial Distance: 5.1710, Polar Angle: 0.4730, Azimuth Angle: 0.1537
Test Error on the Radial Distance: 12.2648, Polar Angle: 0.5146, Azimuth Angle: 0.1154
Epoch : 5/40, Train Loss: -1.7719e+00, Training_Mapping_Loss: -3.4661e+00, Training Location Loss: 1.6942e+00
Epoch : 5/40, Test Loss: -1.5479e+00, Channel Mapping Test: -3.6103e+00, UE Localization Test: 2.0624e+00, BestTest: -1.3622e+00
Train Error on the Radial Distance: 4.4941, Polar Angle: 0.4419, Azimuth Angle: 0.1466
Test Error on the Radial Distance: 5.4870, Polar Angle: 0.4227, Azimuth Angle: 0.2777
Model saved!
The Average Spectrum Efficiency of Ideal DL Channel is 5.752013 bps/Hz
The Average Spectrum Efficiency of Mapping DL Channel is 3.606360 bps/Hz
The Average Spectrum Efficiency of Lower-bound DL Channel is 1.799754 bps/Hz
Epoch : 6/40, Train Loss: -1.9782e+00, Training_Mapping_Loss: -3.5231e+00, Training Location Loss: 1.5449e+00
Epoch : 6/40, Test Loss: -1.7929e+00, Channel Mapping Test: -3.6536e+00, UE Localization Test: 1.8607e+00, BestTest: -1.5479e+00
Train Error on the Radial Distance: 4.1241, Polar Angle: 0.3855, Azimuth Angle: 0.1253
Test Error on the Radial Distance: 5.1870, Polar Angle: 0.3325, Azimuth Angle: 0.0625
Model saved!
The Average Spectrum Efficiency of Ideal DL Channel is 5.752013 bps/Hz
The Average Spectrum Efficiency of Mapping DL Channel is 3.661708 bps/Hz
The Average Spectrum Efficiency of Lower-bound DL Channel is 1.799754 bps/Hz
Epoch : 7/40, Train Loss: -2.1158e+00, Training_Mapping_Loss: -3.5780e+00, Training Location Loss: 1.4622e+00
Epoch : 7/40, Test Loss: -1.6554e+00, Channel Mapping Test: -3.7005e+00, UE Localization Test: 2.0450e+00, BestTest: -1.7929e+00
Train Error on the Radial Distance: 3.9007, Polar Angle: 0.3696, Azimuth Angle: 0.1163
Test Error on the Radial Distance: 5.4567, Polar Angle: 0.5013, Azimuth Angle: 0.1771
Epoch : 8/40, Train Loss: -2.2554e+00, Training_Mapping_Loss: -3.6281e+00, Training Location Loss: 1.3727e+00
Epoch : 8/40, Test Loss: -1.9983e+00, Channel Mapping Test: -3.6739e+00, UE Localization Test: 1.6756e+00, BestTest: -1.7929e+00
Train Error on the Radial Distance: 3.6627, Polar Angle: 0.3383, Azimuth Angle: 0.1172
Test Error on the Radial Distance: 4.6817, Polar Angle: 0.2677, Azimuth Angle: 0.0774
Model saved!
The Average Spectrum Efficiency of Ideal DL Channel is 5.752013 bps/Hz
The Average Spectrum Efficiency of Mapping DL Channel is 3.683301 bps/Hz
The Average Spectrum Efficiency of Lower-bound DL Channel is 1.799754 bps/Hz
Epoch : 9/40, Train Loss: -2.3531e+00, Training_Mapping_Loss: -3.6648e+00, Training Location Loss: 1.3118e+00
Epoch : 9/40, Test Loss: -6.6108e-01, Channel Mapping Test: -3.4022e+00, UE Localization Test: 2.7411e+00, BestTest: -1.9983e+00
Train Error on the Radial Distance: 3.4907, Polar Angle: 0.3247, Azimuth Angle: 0.1199
Test Error on the Radial Distance: 7.7526, Polar Angle: 0.3979, Azimuth Angle: 0.0728
Epoch : 10/40, Train Loss: -2.4003e+00, Training_Mapping_Loss: -3.7179e+00, Training Location Loss: 1.3177e+00
Epoch : 10/40, Test Loss: -2.2529e+00, Channel Mapping Test: -3.6940e+00, UE Localization Test: 1.4412e+00, BestTest: -1.9983e+00
Train Error on the Radial Distance: 3.5351, Polar Angle: 0.3027, Azimuth Angle: 0.1152
Test Error on the Radial Distance: 3.9443, Polar Angle: 0.2661, Azimuth Angle: 0.1131
Model saved!
The Average Spectrum Efficiency of Ideal DL Channel is 5.752013 bps/Hz
The Average Spectrum Efficiency of Mapping DL Channel is 3.705140 bps/Hz
The Average Spectrum Efficiency of Lower-bound DL Channel is 1.799754 bps/Hz
Epoch : 11/40, Train Loss: -2.5092e+00, Training_Mapping_Loss: -3.7628e+00, Training Location Loss: 1.2535e+00
Epoch : 11/40, Test Loss: -2.8359e+00, Channel Mapping Test: -3.9510e+00, UE Localization Test: 1.1151e+00, BestTest: -2.2529e+00
Train Error on the Radial Distance: 3.3602, Polar Angle: 0.2943, Azimuth Angle: 0.1062
Test Error on the Radial Distance: 2.9149, Polar Angle: 0.2926, Azimuth Angle: 0.1379
Model saved!
The Average Spectrum Efficiency of Ideal DL Channel is 5.752013 bps/Hz
The Average Spectrum Efficiency of Mapping DL Channel is 3.955687 bps/Hz
The Average Spectrum Efficiency of Lower-bound DL Channel is 1.799754 bps/Hz
Epoch : 12/40, Train Loss: -2.6122e+00, Training_Mapping_Loss: -3.8148e+00, Training Location Loss: 1.2026e+00
Epoch : 12/40, Test Loss: -1.9456e+00, Channel Mapping Test: -3.7224e+00, UE Localization Test: 1.7768e+00, BestTest: -2.8359e+00
Train Error on the Radial Distance: 3.2230, Polar Angle: 0.2793, Azimuth Angle: 0.1054
Test Error on the Radial Distance: 4.9953, Polar Angle: 0.2769, Azimuth Angle: 0.0583
Epoch : 13/40, Train Loss: -2.6684e+00, Training_Mapping_Loss: -3.8591e+00, Training Location Loss: 1.1907e+00
Epoch : 13/40, Test Loss: -1.2373e+00, Channel Mapping Test: -3.7049e+00, UE Localization Test: 2.4675e+00, BestTest: -2.8359e+00
Train Error on the Radial Distance: 3.1951, Polar Angle: 0.2729, Azimuth Angle: 0.1040
Test Error on the Radial Distance: 6.7357, Polar Angle: 0.5550, Azimuth Angle: 0.1118
Epoch : 14/40, Train Loss: -2.7339e+00, Training_Mapping_Loss: -3.8979e+00, Training Location Loss: 1.1639e+00
Epoch : 14/40, Test Loss: -2.4903e+00, Channel Mapping Test: -3.9956e+00, UE Localization Test: 1.5053e+00, BestTest: -2.8359e+00
Train Error on the Radial Distance: 3.1313, Polar Angle: 0.2636, Azimuth Angle: 0.0968
Test Error on the Radial Distance: 4.0224, Polar Angle: 0.3749, Azimuth Angle: 0.1185
Epoch : 15/40, Train Loss: -2.7839e+00, Training_Mapping_Loss: -3.9234e+00, Training Location Loss: 1.1396e+00
Epoch : 15/40, Test Loss: -1.3715e+00, Channel Mapping Test: -3.8188e+00, UE Localization Test: 2.4473e+00, BestTest: -2.8359e+00
Train Error on the Radial Distance: 3.0595, Polar Angle: 0.2599, Azimuth Angle: 0.0993
Test Error on the Radial Distance: 6.7790, Polar Angle: 0.4614, Azimuth Angle: 0.1014
Epoch : 16/40, Train Loss: -2.8182e+00, Training_Mapping_Loss: -3.9481e+00, Training Location Loss: 1.1299e+00
Epoch : 16/40, Test Loss: -2.0752e+00, Channel Mapping Test: -3.9704e+00, UE Localization Test: 1.8952e+00, BestTest: -2.8359e+00
Train Error on the Radial Distance: 3.0325, Polar Angle: 0.2545, Azimuth Angle: 0.1028
Test Error on the Radial Distance: 5.3302, Polar Angle: 0.2974, Azimuth Angle: 0.0579
Epoch : 17/40, Train Loss: -2.8356e+00, Training_Mapping_Loss: -3.9676e+00, Training Location Loss: 1.1320e+00
Epoch : 17/40, Test Loss: -2.8910e+00, Channel Mapping Test: -4.1347e+00, UE Localization Test: 1.2437e+00, BestTest: -2.8359e+00
Train Error on the Radial Distance: 3.0470, Polar Angle: 0.2490, Azimuth Angle: 0.1002
Test Error on the Radial Distance: 3.4716, Polar Angle: 0.1942, Azimuth Angle: 0.0654
Model saved!
The Average Spectrum Efficiency of Ideal DL Channel is 5.752014 bps/Hz
The Average Spectrum Efficiency of Mapping DL Channel is 4.130293 bps/Hz
The Average Spectrum Efficiency of Lower-bound DL Channel is 1.799754 bps/Hz
Epoch : 18/40, Train Loss: -2.8856e+00, Training_Mapping_Loss: -4.0033e+00, Training Location Loss: 1.1177e+00
Epoch : 18/40, Test Loss: -3.0573e+00, Channel Mapping Test: -4.1572e+00, UE Localization Test: 1.1000e+00, BestTest: -2.8910e+00
Train Error on the Radial Distance: 3.0098, Polar Angle: 0.2523, Azimuth Angle: 0.0911
Test Error on the Radial Distance: 2.8405, Polar Angle: 0.3098, Azimuth Angle: 0.1495
Model saved!
The Average Spectrum Efficiency of Ideal DL Channel is 5.752014 bps/Hz
The Average Spectrum Efficiency of Mapping DL Channel is 4.163389 bps/Hz
The Average Spectrum Efficiency of Lower-bound DL Channel is 1.799754 bps/Hz
Epoch : 19/40, Train Loss: -2.8885e+00, Training_Mapping_Loss: -4.0082e+00, Training Location Loss: 1.1196e+00
Epoch : 19/40, Test Loss: -2.9090e+00, Channel Mapping Test: -4.1393e+00, UE Localization Test: 1.2303e+00, BestTest: -3.0573e+00
Train Error on the Radial Distance: 3.0167, Polar Angle: 0.2433, Azimuth Angle: 0.0989
Test Error on the Radial Distance: 3.3844, Polar Angle: 0.2560, Azimuth Angle: 0.0504
Epoch : 20/40, Train Loss: -2.9717e+00, Training_Mapping_Loss: -4.0437e+00, Training Location Loss: 1.0719e+00
Epoch : 20/40, Test Loss: 1.1999e+00, Channel Mapping Test: -3.4606e+00, UE Localization Test: 4.6605e+00, BestTest: -3.0573e+00
Train Error on the Radial Distance: 2.8800, Polar Angle: 0.2420, Azimuth Angle: 0.0938
Test Error on the Radial Distance: 13.4239, Polar Angle: 0.4596, Azimuth Angle: 0.0982
Epoch : 21/40, Train Loss: -2.9770e+00, Training_Mapping_Loss: -4.0487e+00, Training Location Loss: 1.0716e+00
Epoch : 21/40, Test Loss: -2.3823e+00, Channel Mapping Test: -4.0227e+00, UE Localization Test: 1.6404e+00, BestTest: -3.0573e+00
Train Error on the Radial Distance: 2.8799, Polar Angle: 0.2400, Azimuth Angle: 0.0949
Test Error on the Radial Distance: 4.3990, Polar Angle: 0.3372, Azimuth Angle: 0.1851
Epoch : 22/40, Train Loss: -3.0351e+00, Training_Mapping_Loss: -4.0638e+00, Training Location Loss: 1.0287e+00
Epoch : 22/40, Test Loss: -2.2396e+00, Channel Mapping Test: -4.0116e+00, UE Localization Test: 1.7720e+00, BestTest: -3.0573e+00
Train Error on the Radial Distance: 2.7566, Polar Angle: 0.2377, Azimuth Angle: 0.0919
Test Error on the Radial Distance: 4.9477, Polar Angle: 0.3107, Azimuth Angle: 0.0577
Epoch : 23/40, Train Loss: -3.0963e+00, Training_Mapping_Loss: -4.0668e+00, Training Location Loss: 9.7053e-01
Epoch : 23/40, Test Loss: -2.9832e+00, Channel Mapping Test: -4.1493e+00, UE Localization Test: 1.1661e+00, BestTest: -3.0573e+00
Train Error on the Radial Distance: 2.5938, Polar Angle: 0.2304, Azimuth Angle: 0.0874
Test Error on the Radial Distance: 3.2140, Polar Angle: 0.2189, Azimuth Angle: 0.0653
Epoch : 24/40, Train Loss: -3.1236e+00, Training_Mapping_Loss: -4.0849e+00, Training Location Loss: 9.6130e-01
Epoch : 24/40, Test Loss: -1.4100e+00, Channel Mapping Test: -3.9734e+00, UE Localization Test: 2.5633e+00, BestTest: -3.0573e+00
Train Error on the Radial Distance: 2.5734, Polar Angle: 0.2254, Azimuth Angle: 0.0850
Test Error on the Radial Distance: 7.2259, Polar Angle: 0.2993, Azimuth Angle: 0.1647
Adjusted lr:6.6874e-04
Epoch : 25/40, Train Loss: -3.2001e+00, Training_Mapping_Loss: -4.1187e+00, Training Location Loss: 9.1855e-01
Epoch : 25/40, Test Loss: -2.6466e+00, Channel Mapping Test: -4.0660e+00, UE Localization Test: 1.4194e+00, BestTest: -3.0573e+00
Train Error on the Radial Distance: 2.4553, Polar Angle: 0.2219, Azimuth Angle: 0.0785
Test Error on the Radial Distance: 4.0036, Polar Angle: 0.2053, Azimuth Angle: 0.0493
Epoch : 26/40, Train Loss: -3.2076e+00, Training_Mapping_Loss: -4.1292e+00, Training Location Loss: 9.2164e-01
Epoch : 26/40, Test Loss: -3.4126e+00, Channel Mapping Test: -4.2926e+00, UE Localization Test: 8.8005e-01, BestTest: -3.0573e+00
Train Error on the Radial Distance: 2.4739, Polar Angle: 0.2135, Azimuth Angle: 0.0775
Test Error on the Radial Distance: 2.4132, Polar Angle: 0.1768, Azimuth Angle: 0.0502
Model saved!
The Average Spectrum Efficiency of Ideal DL Channel is 5.752014 bps/Hz
The Average Spectrum Efficiency of Mapping DL Channel is 4.297403 bps/Hz
The Average Spectrum Efficiency of Lower-bound DL Channel is 1.799754 bps/Hz
Epoch : 27/40, Train Loss: -3.2515e+00, Training_Mapping_Loss: -4.1373e+00, Training Location Loss: 8.8582e-01
Epoch : 27/40, Test Loss: -3.4857e+00, Channel Mapping Test: -4.3046e+00, UE Localization Test: 8.1885e-01, BestTest: -3.4126e+00
Train Error on the Radial Distance: 2.3659, Polar Angle: 0.2162, Azimuth Angle: 0.0754
Test Error on the Radial Distance: 2.2394, Polar Angle: 0.1755, Azimuth Angle: 0.0416
Model saved!
The Average Spectrum Efficiency of Ideal DL Channel is 5.752014 bps/Hz
The Average Spectrum Efficiency of Mapping DL Channel is 4.304524 bps/Hz
The Average Spectrum Efficiency of Lower-bound DL Channel is 1.799754 bps/Hz
Epoch : 28/40, Train Loss: -3.2750e+00, Training_Mapping_Loss: -4.1483e+00, Training Location Loss: 8.7324e-01
Epoch : 28/40, Test Loss: -3.2561e+00, Channel Mapping Test: -4.2977e+00, UE Localization Test: 1.0416e+00, BestTest: -3.4857e+00
Train Error on the Radial Distance: 2.3322, Polar Angle: 0.2100, Azimuth Angle: 0.0775
Test Error on the Radial Distance: 2.8250, Polar Angle: 0.2353, Azimuth Angle: 0.0647
Epoch : 29/40, Train Loss: -3.2885e+00, Training_Mapping_Loss: -4.1585e+00, Training Location Loss: 8.7001e-01
Epoch : 29/40, Test Loss: -3.4478e+00, Channel Mapping Test: -4.3067e+00, UE Localization Test: 8.5898e-01, BestTest: -3.4857e+00
Train Error on the Radial Distance: 2.3265, Polar Angle: 0.2081, Azimuth Angle: 0.0755
Test Error on the Radial Distance: 2.3498, Polar Angle: 0.1785, Azimuth Angle: 0.0486
Epoch : 30/40, Train Loss: -3.3136e+00, Training_Mapping_Loss: -4.1636e+00, Training Location Loss: 8.4996e-01
Epoch : 30/40, Test Loss: -2.4884e+00, Channel Mapping Test: -4.2157e+00, UE Localization Test: 1.7273e+00, BestTest: -3.4857e+00
Train Error on the Radial Distance: 2.2689, Polar Angle: 0.2037, Azimuth Angle: 0.0773
Test Error on the Radial Distance: 4.7253, Polar Angle: 0.3375, Azimuth Angle: 0.1192
Epoch : 31/40, Train Loss: -3.3014e+00, Training_Mapping_Loss: -4.1819e+00, Training Location Loss: 8.8047e-01
Epoch : 31/40, Test Loss: -2.9842e+00, Channel Mapping Test: -4.0844e+00, UE Localization Test: 1.1002e+00, BestTest: -3.4857e+00
Train Error on the Radial Distance: 2.3602, Polar Angle: 0.2073, Azimuth Angle: 0.0739
Test Error on the Radial Distance: 3.0724, Polar Angle: 0.1792, Azimuth Angle: 0.0488
Epoch : 32/40, Train Loss: -3.3399e+00, Training_Mapping_Loss: -4.1854e+00, Training Location Loss: 8.4559e-01
Epoch : 32/40, Test Loss: -2.0264e+00, Channel Mapping Test: -4.0376e+00, UE Localization Test: 2.0112e+00, BestTest: -3.4857e+00
Train Error on the Radial Distance: 2.2653, Polar Angle: 0.2001, Azimuth Angle: 0.0714
Test Error on the Radial Distance: 5.6046, Polar Angle: 0.2684, Azimuth Angle: 0.1606
Epoch : 33/40, Train Loss: -3.3421e+00, Training_Mapping_Loss: -4.1937e+00, Training Location Loss: 8.5163e-01
Epoch : 33/40, Test Loss: -2.6966e+00, Channel Mapping Test: -4.0242e+00, UE Localization Test: 1.3276e+00, BestTest: -3.4857e+00
Train Error on the Radial Distance: 2.2696, Polar Angle: 0.2058, Azimuth Angle: 0.0795
Test Error on the Radial Distance: 3.5563, Polar Angle: 0.3781, Azimuth Angle: 0.0485
Epoch : 34/40, Train Loss: -3.3461e+00, Training_Mapping_Loss: -4.1879e+00, Training Location Loss: 8.4183e-01
Epoch : 34/40, Test Loss: -1.6813e+00, Channel Mapping Test: -4.0314e+00, UE Localization Test: 2.3501e+00, BestTest: -3.4857e+00
Train Error on the Radial Distance: 2.2598, Polar Angle: 0.1960, Azimuth Angle: 0.0697
Test Error on the Radial Distance: 6.7531, Polar Angle: 0.2524, Azimuth Angle: 0.0446
Epoch : 35/40, Train Loss: -3.3797e+00, Training_Mapping_Loss: -4.2060e+00, Training Location Loss: 8.2625e-01
Epoch : 35/40, Test Loss: -3.1279e+00, Channel Mapping Test: -4.2448e+00, UE Localization Test: 1.1169e+00, BestTest: -3.4857e+00
Train Error on the Radial Distance: 2.2056, Polar Angle: 0.1958, Azimuth Angle: 0.0774
Test Error on the Radial Distance: 3.0221, Polar Angle: 0.2700, Azimuth Angle: 0.0585
Epoch : 36/40, Train Loss: -3.3873e+00, Training_Mapping_Loss: -4.2186e+00, Training Location Loss: 8.3136e-01
Epoch : 36/40, Test Loss: -3.3965e+00, Channel Mapping Test: -4.2953e+00, UE Localization Test: 8.9877e-01, BestTest: -3.4857e+00
Train Error on the Radial Distance: 2.2242, Polar Angle: 0.1941, Azimuth Angle: 0.0758
Test Error on the Radial Distance: 2.4393, Polar Angle: 0.1634, Azimuth Angle: 0.0937
Epoch : 37/40, Train Loss: -3.4097e+00, Training_Mapping_Loss: -4.2091e+00, Training Location Loss: 7.9941e-01
Epoch : 37/40, Test Loss: -2.0927e+00, Channel Mapping Test: -4.0680e+00, UE Localization Test: 1.9753e+00, BestTest: -3.4857e+00
Train Error on the Radial Distance: 2.1322, Polar Angle: 0.1975, Azimuth Angle: 0.0686
Test Error on the Radial Distance: 5.5572, Polar Angle: 0.2975, Azimuth Angle: 0.0711
Epoch : 38/40, Train Loss: -3.3938e+00, Training_Mapping_Loss: -4.2271e+00, Training Location Loss: 8.3336e-01
Epoch : 38/40, Test Loss: -3.3285e+00, Channel Mapping Test: -4.2995e+00, UE Localization Test: 9.7100e-01, BestTest: -3.4857e+00
Train Error on the Radial Distance: 2.2414, Polar Angle: 0.1900, Azimuth Angle: 0.0687
Test Error on the Radial Distance: 2.6952, Polar Angle: 0.1638, Azimuth Angle: 0.0541
Epoch : 39/40, Train Loss: -3.4248e+00, Training_Mapping_Loss: -4.2378e+00, Training Location Loss: 8.1303e-01
Epoch : 39/40, Test Loss: -2.6175e+00, Channel Mapping Test: -4.0112e+00, UE Localization Test: 1.3937e+00, BestTest: -3.4857e+00
Train Error on the Radial Distance: 2.1804, Polar Angle: 0.1882, Azimuth Angle: 0.0705
Test Error on the Radial Distance: 3.8822, Polar Angle: 0.2111, Azimuth Angle: 0.0878
Epoch : 40/40, Train Loss: -3.4184e+00, Training_Mapping_Loss: -4.2311e+00, Training Location Loss: 8.1268e-01
Epoch : 40/40, Test Loss: -1.6642e+00, Channel Mapping Test: -4.0574e+00, UE Localization Test: 2.3932e+00, BestTest: -3.4857e+00
Train Error on the Radial Distance: 2.1806, Polar Angle: 0.1883, Azimuth Angle: 0.0691
Test Error on the Radial Distance: 6.8238, Polar Angle: 0.3005, Azimuth Angle: 0.0554
