UE_sampling_Rate : 30
Loading UE Location to the Downlink Base Station
Loading UL-BS Channel Finger From : /home/hzl/Space_Mapping/data/UL_BS1_Channel.npy
Loading DL-BS Channel Finger From : /home/hzl/Space_Mapping/data/DL_BS_Channel.npy
Total number of trainable parameters: 171270
Epoch : 1/40, Train Loss: 6.1366e+00, Training_Mapping_Loss: -2.9451e+00, Training Location Loss: 9.0817e+00
Epoch : 1/40, Test Loss: 2.7328e+00, Channel Mapping Test: -3.3542e+00, UE Localization Test: 6.0870e+00, BestTest: 1.0000e+04
Train Error on the Radial Distance: 25.6874, Polar Angle: 0.9693, Azimuth Angle: 0.5885
Test Error on the Radial Distance: 16.2149, Polar Angle: 0.8274, Azimuth Angle: 1.2186
Model saved!
The Average Spectrum Efficiency of Ideal DL Channel is 5.752013 bps/Hz
The Average Spectrum Efficiency of Mapping DL Channel is 3.355863 bps/Hz
The Average Spectrum Efficiency of Lower-bound DL Channel is 1.799754 bps/Hz
Epoch : 2/40, Train Loss: 3.6205e-01, Training_Mapping_Loss: -3.2701e+00, Training Location Loss: 3.6322e+00
Epoch : 2/40, Test Loss: 9.7119e+00, Channel Mapping Test: -3.4053e+00, UE Localization Test: 1.3117e+01, BestTest: 2.7328e+00
Train Error on the Radial Distance: 9.5714, Polar Angle: 0.8139, Azimuth Angle: 0.5111
Test Error on the Radial Distance: 37.4769, Polar Angle: 1.3938, Azimuth Angle: 0.4809
Epoch : 3/40, Train Loss: -4.2389e-02, Training_Mapping_Loss: -3.3009e+00, Training Location Loss: 3.2586e+00
Epoch : 3/40, Test Loss: 1.1592e+01, Channel Mapping Test: -3.4169e+00, UE Localization Test: 1.5009e+01, BestTest: 2.7328e+00
Train Error on the Radial Distance: 8.5674, Polar Angle: 0.7462, Azimuth Angle: 0.4620
Test Error on the Radial Distance: 43.2805, Polar Angle: 1.2908, Azimuth Angle: 0.4557
Epoch : 4/40, Train Loss: -3.5259e-01, Training_Mapping_Loss: -3.3125e+00, Training Location Loss: 2.9599e+00
Epoch : 4/40, Test Loss: 1.0809e+01, Channel Mapping Test: -3.4366e+00, UE Localization Test: 1.4246e+01, BestTest: 2.7328e+00
Train Error on the Radial Distance: 7.7989, Polar Angle: 0.7062, Azimuth Angle: 0.3745
Test Error on the Radial Distance: 41.1759, Polar Angle: 1.0027, Azimuth Angle: 0.5593
Epoch : 5/40, Train Loss: -5.0969e-01, Training_Mapping_Loss: -3.3218e+00, Training Location Loss: 2.8121e+00
Epoch : 5/40, Test Loss: 8.0244e-01, Channel Mapping Test: -3.4399e+00, UE Localization Test: 4.2423e+00, BestTest: 2.7328e+00
Train Error on the Radial Distance: 7.4801, Polar Angle: 0.6584, Azimuth Angle: 0.2977
Test Error on the Radial Distance: 11.9201, Polar Angle: 0.6391, Azimuth Angle: 0.1677
Model saved!
The Average Spectrum Efficiency of Ideal DL Channel is 5.752013 bps/Hz
The Average Spectrum Efficiency of Mapping DL Channel is 3.441041 bps/Hz
The Average Spectrum Efficiency of Lower-bound DL Channel is 1.799754 bps/Hz
Epoch : 6/40, Train Loss: -7.4536e-01, Training_Mapping_Loss: -3.3348e+00, Training Location Loss: 2.5895e+00
Epoch : 6/40, Test Loss: 1.2097e+01, Channel Mapping Test: -3.4051e+00, UE Localization Test: 1.5503e+01, BestTest: 8.0244e-01
Train Error on the Radial Distance: 6.8511, Polar Angle: 0.6401, Azimuth Angle: 0.2773
Test Error on the Radial Distance: 44.6909, Polar Angle: 1.5181, Azimuth Angle: 0.2987
Epoch : 7/40, Train Loss: -8.7406e-01, Training_Mapping_Loss: -3.3302e+00, Training Location Loss: 2.4562e+00
Epoch : 7/40, Test Loss: 4.4266e+00, Channel Mapping Test: -3.4424e+00, UE Localization Test: 7.8690e+00, BestTest: 8.0244e-01
Train Error on the Radial Distance: 6.5347, Polar Angle: 0.6031, Azimuth Angle: 0.2307
Test Error on the Radial Distance: 22.7785, Polar Angle: 0.6873, Azimuth Angle: 0.1413
Epoch : 8/40, Train Loss: -1.1386e+00, Training_Mapping_Loss: -3.3733e+00, Training Location Loss: 2.2347e+00
Epoch : 8/40, Test Loss: 1.2972e-01, Channel Mapping Test: -3.4058e+00, UE Localization Test: 3.5356e+00, BestTest: 8.0244e-01
Train Error on the Radial Distance: 5.9864, Polar Angle: 0.5326, Azimuth Angle: 0.1850
Test Error on the Radial Distance: 9.8453, Polar Angle: 0.6035, Azimuth Angle: 0.1579
Model saved!
The Average Spectrum Efficiency of Ideal DL Channel is 5.752013 bps/Hz
The Average Spectrum Efficiency of Mapping DL Channel is 3.404606 bps/Hz
The Average Spectrum Efficiency of Lower-bound DL Channel is 1.799754 bps/Hz
Epoch : 9/40, Train Loss: -1.2901e+00, Training_Mapping_Loss: -3.4074e+00, Training Location Loss: 2.1174e+00
Epoch : 9/40, Test Loss: 5.4744e+00, Channel Mapping Test: -3.3860e+00, UE Localization Test: 8.8604e+00, BestTest: 1.2972e-01
Train Error on the Radial Distance: 5.6947, Polar Angle: 0.5052, Azimuth Angle: 0.1523
Test Error on the Radial Distance: 25.5491, Polar Angle: 0.8678, Azimuth Angle: 0.1644
Epoch : 10/40, Train Loss: -1.3200e+00, Training_Mapping_Loss: -3.4169e+00, Training Location Loss: 2.0969e+00
Epoch : 10/40, Test Loss: -1.2196e+00, Channel Mapping Test: -3.4848e+00, UE Localization Test: 2.2652e+00, BestTest: 1.2972e-01
Train Error on the Radial Distance: 5.6303, Polar Angle: 0.5097, Azimuth Angle: 0.1507
Test Error on the Radial Distance: 6.1452, Polar Angle: 0.5593, Azimuth Angle: 0.0910
Model saved!
The Average Spectrum Efficiency of Ideal DL Channel is 5.752013 bps/Hz
The Average Spectrum Efficiency of Mapping DL Channel is 3.483783 bps/Hz
The Average Spectrum Efficiency of Lower-bound DL Channel is 1.799754 bps/Hz
Epoch : 11/40, Train Loss: -1.5370e+00, Training_Mapping_Loss: -3.4621e+00, Training Location Loss: 1.9251e+00
Epoch : 11/40, Test Loss: 1.0028e+01, Channel Mapping Test: -3.2544e+00, UE Localization Test: 1.3282e+01, BestTest: -1.2196e+00
Train Error on the Radial Distance: 5.2107, Polar Angle: 0.4322, Azimuth Angle: 0.1323
Test Error on the Radial Distance: 38.7546, Polar Angle: 0.7466, Azimuth Angle: 0.3457
Epoch : 12/40, Train Loss: -1.6269e+00, Training_Mapping_Loss: -3.4853e+00, Training Location Loss: 1.8584e+00
Epoch : 12/40, Test Loss: -9.9104e-01, Channel Mapping Test: -3.5564e+00, UE Localization Test: 2.5653e+00, BestTest: -1.2196e+00
Train Error on the Radial Distance: 5.0473, Polar Angle: 0.3965, Azimuth Angle: 0.1314
Test Error on the Radial Distance: 7.0066, Polar Angle: 0.5538, Azimuth Angle: 0.1355
Epoch : 13/40, Train Loss: -1.6593e+00, Training_Mapping_Loss: -3.5047e+00, Training Location Loss: 1.8455e+00
Epoch : 13/40, Test Loss: -1.8860e+00, Channel Mapping Test: -3.6124e+00, UE Localization Test: 1.7264e+00, BestTest: -1.2196e+00
Train Error on the Radial Distance: 5.0009, Polar Angle: 0.3760, Azimuth Angle: 0.1595
Test Error on the Radial Distance: 4.7583, Polar Angle: 0.3038, Azimuth Angle: 0.1171
Model saved!
The Average Spectrum Efficiency of Ideal DL Channel is 5.752013 bps/Hz
The Average Spectrum Efficiency of Mapping DL Channel is 3.618200 bps/Hz
The Average Spectrum Efficiency of Lower-bound DL Channel is 1.799754 bps/Hz
Epoch : 14/40, Train Loss: -1.7592e+00, Training_Mapping_Loss: -3.5217e+00, Training Location Loss: 1.7625e+00
Epoch : 14/40, Test Loss: -1.9266e+00, Channel Mapping Test: -3.6036e+00, UE Localization Test: 1.6770e+00, BestTest: -1.8860e+00
Train Error on the Radial Distance: 4.7867, Polar Angle: 0.3663, Azimuth Angle: 0.1343
Test Error on the Radial Distance: 4.5144, Polar Angle: 0.3661, Azimuth Angle: 0.1506
Model saved!
The Average Spectrum Efficiency of Ideal DL Channel is 5.752014 bps/Hz
The Average Spectrum Efficiency of Mapping DL Channel is 3.593115 bps/Hz
The Average Spectrum Efficiency of Lower-bound DL Channel is 1.799754 bps/Hz
Epoch : 15/40, Train Loss: -1.8882e+00, Training_Mapping_Loss: -3.5527e+00, Training Location Loss: 1.6645e+00
Epoch : 15/40, Test Loss: 5.6963e+00, Channel Mapping Test: -3.6033e+00, UE Localization Test: 9.2996e+00, BestTest: -1.9266e+00
Train Error on the Radial Distance: 4.5116, Polar Angle: 0.3510, Azimuth Angle: 0.1310
Test Error on the Radial Distance: 27.0180, Polar Angle: 0.5788, Azimuth Angle: 0.3020
Epoch : 16/40, Train Loss: -1.9177e+00, Training_Mapping_Loss: -3.5625e+00, Training Location Loss: 1.6449e+00
Epoch : 16/40, Test Loss: -2.5887e-01, Channel Mapping Test: -3.3772e+00, UE Localization Test: 3.1183e+00, BestTest: -1.9266e+00
Train Error on the Radial Distance: 4.4741, Polar Angle: 0.3243, Azimuth Angle: 0.1362
Test Error on the Radial Distance: 8.7641, Polar Angle: 0.3997, Azimuth Angle: 0.1912
Epoch : 17/40, Train Loss: -1.9727e+00, Training_Mapping_Loss: -3.5755e+00, Training Location Loss: 1.6029e+00
Epoch : 17/40, Test Loss: -1.7809e+00, Channel Mapping Test: -3.6989e+00, UE Localization Test: 1.9180e+00, BestTest: -1.9266e+00
Train Error on the Radial Distance: 4.3614, Polar Angle: 0.3198, Azimuth Angle: 0.1273
Test Error on the Radial Distance: 5.2479, Polar Angle: 0.3429, Azimuth Angle: 0.1634
Epoch : 18/40, Train Loss: -2.1161e+00, Training_Mapping_Loss: -3.6262e+00, Training Location Loss: 1.5101e+00
Epoch : 18/40, Test Loss: 2.0058e+00, Channel Mapping Test: -3.7131e+00, UE Localization Test: 5.7189e+00, BestTest: -1.9266e+00
Train Error on the Radial Distance: 4.0961, Polar Angle: 0.3037, Azimuth Angle: 0.1304
Test Error on the Radial Distance: 16.5216, Polar Angle: 0.5511, Azimuth Angle: 0.0839
Epoch : 19/40, Train Loss: -2.1681e+00, Training_Mapping_Loss: -3.6308e+00, Training Location Loss: 1.4627e+00
Epoch : 19/40, Test Loss: 5.8623e+00, Channel Mapping Test: -3.6680e+00, UE Localization Test: 9.5304e+00, BestTest: -1.9266e+00
Train Error on the Radial Distance: 3.9680, Polar Angle: 0.3034, Azimuth Angle: 0.1167
Test Error on the Radial Distance: 27.5980, Polar Angle: 0.5978, Azimuth Angle: 0.3952
Epoch : 20/40, Train Loss: -2.1713e+00, Training_Mapping_Loss: -3.6533e+00, Training Location Loss: 1.4820e+00
Epoch : 20/40, Test Loss: -1.2874e+00, Channel Mapping Test: -3.5661e+00, UE Localization Test: 2.2786e+00, BestTest: -1.9266e+00
Train Error on the Radial Distance: 4.0093, Polar Angle: 0.3146, Azimuth Angle: 0.1221
Test Error on the Radial Distance: 6.3244, Polar Angle: 0.4028, Azimuth Angle: 0.1087
Epoch : 21/40, Train Loss: -2.1806e+00, Training_Mapping_Loss: -3.6678e+00, Training Location Loss: 1.4872e+00
Epoch : 21/40, Test Loss: -1.4036e+00, Channel Mapping Test: -3.3504e+00, UE Localization Test: 1.9468e+00, BestTest: -1.9266e+00
Train Error on the Radial Distance: 4.0462, Polar Angle: 0.2948, Azimuth Angle: 0.1206
Test Error on the Radial Distance: 5.2838, Polar Angle: 0.4195, Azimuth Angle: 0.1372
Epoch : 22/40, Train Loss: -2.3011e+00, Training_Mapping_Loss: -3.7036e+00, Training Location Loss: 1.4025e+00
Epoch : 22/40, Test Loss: -2.0135e+00, Channel Mapping Test: -3.7943e+00, UE Localization Test: 1.7808e+00, BestTest: -1.9266e+00
Train Error on the Radial Distance: 3.7782, Polar Angle: 0.3109, Azimuth Angle: 0.1184
Test Error on the Radial Distance: 4.8037, Polar Angle: 0.4388, Azimuth Angle: 0.0999
Model saved!
The Average Spectrum Efficiency of Ideal DL Channel is 5.752014 bps/Hz
The Average Spectrum Efficiency of Mapping DL Channel is 3.780483 bps/Hz
The Average Spectrum Efficiency of Lower-bound DL Channel is 1.799754 bps/Hz
Epoch : 23/40, Train Loss: -2.2554e+00, Training_Mapping_Loss: -3.7001e+00, Training Location Loss: 1.4447e+00
Epoch : 23/40, Test Loss: -2.4067e+00, Channel Mapping Test: -3.8367e+00, UE Localization Test: 1.4300e+00, BestTest: -2.0135e+00
Train Error on the Radial Distance: 3.9425, Polar Angle: 0.2809, Azimuth Angle: 0.1107
Test Error on the Radial Distance: 3.9249, Polar Angle: 0.2760, Azimuth Angle: 0.0892
Model saved!
The Average Spectrum Efficiency of Ideal DL Channel is 5.752014 bps/Hz
The Average Spectrum Efficiency of Mapping DL Channel is 3.831074 bps/Hz
The Average Spectrum Efficiency of Lower-bound DL Channel is 1.799754 bps/Hz
Epoch : 24/40, Train Loss: -2.3299e+00, Training_Mapping_Loss: -3.7038e+00, Training Location Loss: 1.3739e+00
Epoch : 24/40, Test Loss: -2.1082e+00, Channel Mapping Test: -3.8143e+00, UE Localization Test: 1.7061e+00, BestTest: -2.4067e+00
Train Error on the Radial Distance: 3.7502, Polar Angle: 0.2769, Azimuth Angle: 0.0946
Test Error on the Radial Distance: 4.7349, Polar Angle: 0.3224, Azimuth Angle: 0.0611
Adjusted lr:6.6874e-04
Epoch : 25/40, Train Loss: -2.3767e+00, Training_Mapping_Loss: -3.7414e+00, Training Location Loss: 1.3647e+00
Epoch : 25/40, Test Loss: -1.9565e+00, Channel Mapping Test: -3.7884e+00, UE Localization Test: 1.8320e+00, BestTest: -2.4067e+00
Train Error on the Radial Distance: 3.7267, Polar Angle: 0.2632, Azimuth Angle: 0.1041
Test Error on the Radial Distance: 5.0046, Polar Angle: 0.3191, Azimuth Angle: 0.1723
Epoch : 26/40, Train Loss: -2.4710e+00, Training_Mapping_Loss: -3.7412e+00, Training Location Loss: 1.2703e+00
Epoch : 26/40, Test Loss: -1.7993e+00, Channel Mapping Test: -3.5624e+00, UE Localization Test: 1.7631e+00, BestTest: -2.4067e+00
Train Error on the Radial Distance: 3.4553, Polar Angle: 0.2599, Azimuth Angle: 0.0957
Test Error on the Radial Distance: 4.9301, Polar Angle: 0.2746, Azimuth Angle: 0.0847
Epoch : 27/40, Train Loss: -2.4899e+00, Training_Mapping_Loss: -3.7536e+00, Training Location Loss: 1.2637e+00
Epoch : 27/40, Test Loss: -1.7953e+00, Channel Mapping Test: -3.6227e+00, UE Localization Test: 1.8274e+00, BestTest: -2.4067e+00
Train Error on the Radial Distance: 3.4263, Polar Angle: 0.2679, Azimuth Angle: 0.0968
Test Error on the Radial Distance: 5.0495, Polar Angle: 0.2944, Azimuth Angle: 0.1384
Epoch : 28/40, Train Loss: -2.4787e+00, Training_Mapping_Loss: -3.7571e+00, Training Location Loss: 1.2784e+00
Epoch : 28/40, Test Loss: -1.9303e+00, Channel Mapping Test: -3.9052e+00, UE Localization Test: 1.9749e+00, BestTest: -2.4067e+00
Train Error on the Radial Distance: 3.4707, Polar Angle: 0.2570, Azimuth Angle: 0.1074
Test Error on the Radial Distance: 5.5638, Polar Angle: 0.2889, Azimuth Angle: 0.0719
Epoch : 29/40, Train Loss: -2.4954e+00, Training_Mapping_Loss: -3.7763e+00, Training Location Loss: 1.2809e+00
Epoch : 29/40, Test Loss: -1.8962e+00, Channel Mapping Test: -3.7082e+00, UE Localization Test: 1.8119e+00, BestTest: -2.4067e+00
Train Error on the Radial Distance: 3.4987, Polar Angle: 0.2511, Azimuth Angle: 0.0930
Test Error on the Radial Distance: 4.9045, Polar Angle: 0.4061, Azimuth Angle: 0.1252
Epoch : 30/40, Train Loss: -2.5167e+00, Training_Mapping_Loss: -3.7890e+00, Training Location Loss: 1.2724e+00
Epoch : 30/40, Test Loss: 2.6990e+00, Channel Mapping Test: -3.8340e+00, UE Localization Test: 6.5329e+00, BestTest: -2.4067e+00
Train Error on the Radial Distance: 3.4584, Polar Angle: 0.2600, Azimuth Angle: 0.0986
Test Error on the Radial Distance: 19.0432, Polar Angle: 0.4357, Azimuth Angle: 0.1198
Epoch : 31/40, Train Loss: -2.5512e+00, Training_Mapping_Loss: -3.7830e+00, Training Location Loss: 1.2317e+00
Epoch : 31/40, Test Loss: -2.7094e+00, Channel Mapping Test: -3.8814e+00, UE Localization Test: 1.1720e+00, BestTest: -2.4067e+00
Train Error on the Radial Distance: 3.3506, Polar Angle: 0.2497, Azimuth Angle: 0.0949
Test Error on the Radial Distance: 3.2333, Polar Angle: 0.2230, Azimuth Angle: 0.0598
Model saved!
The Average Spectrum Efficiency of Ideal DL Channel is 5.752013 bps/Hz
The Average Spectrum Efficiency of Mapping DL Channel is 3.888312 bps/Hz
The Average Spectrum Efficiency of Lower-bound DL Channel is 1.799754 bps/Hz
Epoch : 32/40, Train Loss: -2.5748e+00, Training_Mapping_Loss: -3.8031e+00, Training Location Loss: 1.2283e+00
Epoch : 32/40, Test Loss: 5.5073e+00, Channel Mapping Test: -3.7743e+00, UE Localization Test: 9.2816e+00, BestTest: -2.7094e+00
Train Error on the Radial Distance: 3.3339, Polar Angle: 0.2529, Azimuth Angle: 0.0981
Test Error on the Radial Distance: 26.9494, Polar Angle: 0.5791, Azimuth Angle: 0.3164
Epoch : 33/40, Train Loss: -2.6059e+00, Training_Mapping_Loss: -3.8032e+00, Training Location Loss: 1.1973e+00
Epoch : 33/40, Test Loss: 6.0264e+00, Channel Mapping Test: -3.7693e+00, UE Localization Test: 9.7957e+00, BestTest: -2.7094e+00
Train Error on the Radial Distance: 3.2466, Polar Angle: 0.2512, Azimuth Angle: 0.0942
Test Error on the Radial Distance: 28.6137, Polar Angle: 0.6172, Azimuth Angle: 0.1563
Epoch : 34/40, Train Loss: -2.6147e+00, Training_Mapping_Loss: -3.8153e+00, Training Location Loss: 1.2006e+00
Epoch : 34/40, Test Loss: -1.2744e+00, Channel Mapping Test: -3.3527e+00, UE Localization Test: 2.0784e+00, BestTest: -2.7094e+00
Train Error on the Radial Distance: 3.2677, Polar Angle: 0.2412, Azimuth Angle: 0.0928
Test Error on the Radial Distance: 5.8059, Polar Angle: 0.3310, Azimuth Angle: 0.0982
Epoch : 35/40, Train Loss: -2.6412e+00, Training_Mapping_Loss: -3.8314e+00, Training Location Loss: 1.1902e+00
Epoch : 35/40, Test Loss: 4.5309e+00, Channel Mapping Test: -3.8036e+00, UE Localization Test: 8.3345e+00, BestTest: -2.7094e+00
Train Error on the Radial Distance: 3.2320, Polar Angle: 0.2473, Azimuth Angle: 0.0914
Test Error on the Radial Distance: 24.3206, Polar Angle: 0.5986, Azimuth Angle: 0.0843
Epoch : 36/40, Train Loss: -2.6417e+00, Training_Mapping_Loss: -3.8463e+00, Training Location Loss: 1.2047e+00
Epoch : 36/40, Test Loss: 1.2126e+00, Channel Mapping Test: -3.9301e+00, UE Localization Test: 5.1427e+00, BestTest: -2.7094e+00
Train Error on the Radial Distance: 3.2735, Polar Angle: 0.2494, Azimuth Angle: 0.0911
Test Error on the Radial Distance: 14.9366, Polar Angle: 0.4223, Azimuth Angle: 0.0692
Epoch : 37/40, Train Loss: -2.6267e+00, Training_Mapping_Loss: -3.8518e+00, Training Location Loss: 1.2251e+00
Epoch : 37/40, Test Loss: 2.7993e+00, Channel Mapping Test: -3.9428e+00, UE Localization Test: 6.7421e+00, BestTest: -2.7094e+00
Train Error on the Radial Distance: 3.3249, Polar Angle: 0.2466, Azimuth Angle: 0.1039
Test Error on the Radial Distance: 19.6419, Polar Angle: 0.4423, Azimuth Angle: 0.1421
Epoch : 38/40, Train Loss: -2.6902e+00, Training_Mapping_Loss: -3.8707e+00, Training Location Loss: 1.1805e+00
Epoch : 38/40, Test Loss: 4.0889e+00, Channel Mapping Test: -3.8483e+00, UE Localization Test: 7.9371e+00, BestTest: -2.7094e+00
Train Error on the Radial Distance: 3.2134, Polar Angle: 0.2375, Azimuth Angle: 0.0905
Test Error on the Radial Distance: 23.1972, Polar Angle: 0.4918, Azimuth Angle: 0.1224
Epoch : 39/40, Train Loss: -2.6789e+00, Training_Mapping_Loss: -3.8699e+00, Training Location Loss: 1.1910e+00
Epoch : 39/40, Test Loss: -2.6205e+00, Channel Mapping Test: -4.0262e+00, UE Localization Test: 1.4056e+00, BestTest: -2.7094e+00
Train Error on the Radial Distance: 3.2300, Polar Angle: 0.2480, Azimuth Angle: 0.0949
Test Error on the Radial Distance: 3.8703, Polar Angle: 0.2718, Azimuth Angle: 0.0748
Epoch : 40/40, Train Loss: -2.6741e+00, Training_Mapping_Loss: -3.8692e+00, Training Location Loss: 1.1951e+00
Epoch : 40/40, Test Loss: -5.0575e-01, Channel Mapping Test: -3.9238e+00, UE Localization Test: 3.4181e+00, BestTest: -2.7094e+00
Train Error on the Radial Distance: 3.2392, Polar Angle: 0.2589, Azimuth Angle: 0.0872
Test Error on the Radial Distance: 9.7877, Polar Angle: 0.2956, Azimuth Angle: 0.1710
